../Inc/core_cm0plus.h:741:22:__NVIC_EnableIRQ	16	static,ignoring_inline_asm
../Inc/core_cm0plus.h:850:22:__NVIC_SetPriority	24	static
../Src/main.c:41:5:main	8	static,ignoring_inline_asm
../Src/main.c:65:6:LCD_command	24	static,ignoring_inline_asm
../Src/main.c:75:6:LCD_data	24	static,ignoring_inline_asm
../Src/main.c:86:6:PORTS_init	16	static
../Src/main.c:114:6:LCD_INIT	40	static,ignoring_inline_asm
../Src/main.c:132:6:TIM2config	8	static
../Src/main.c:142:6:TIM2_IRQHandler	8	static
../Src/main.c:252:6:TIM21config	8	static
../Src/main.c:264:6:TIM21_IRQHandler	8	static
../Src/main.c:331:6:USART2Init	8	static
../Src/main.c:349:6:USART2_write	16	static
../Src/main.c:355:9:USART2_read	8	static
../Src/main.c:361:6:USART2_Putstring	16	static
../Src/main.c:368:6:USART2_PutstringE	16	static
../Src/main.c:377:6:USART2_IRQHandler	8	static
