../Inc/core_cm0plus.h:741:22:__NVIC_EnableIRQ	16	static,ignoring_inline_asm
../Inc/core_cm0plus.h:850:22:__NVIC_SetPriority	24	static
../Src/main.c:65:5:main	8	static,ignoring_inline_asm
../Src/main.c:92:6:LCD_command	24	static,ignoring_inline_asm
../Src/main.c:102:6:LCD_data	24	static,ignoring_inline_asm
../Src/main.c:113:6:PORTS_init	16	static
../Src/main.c:147:6:LCD_INIT	40	static,ignoring_inline_asm
../Src/main.c:164:6:TIM2config	8	static
../Src/main.c:174:6:TIM2_IRQHandler	8	static
../Src/main.c:318:6:TIM21config	8	static
../Src/main.c:330:6:TIM21_IRQHandler	8	static
../Src/main.c:455:6:USART2Init	8	static
../Src/main.c:471:6:USART2_write	16	static
../Src/main.c:477:6:USART2_VALID	16	static
../Src/main.c:484:9:USART2_read	8	static
../Src/main.c:490:6:USART2_Putstring	16	static
../Src/main.c:497:6:USART2_PutstringE	16	static
../Src/main.c:507:6:USART2_IRQHandler	8	static
../Src/main.c:514:6:USART1_Init	8	static
../Src/main.c:529:6:USART1_Write	16	static
../Src/main.c:536:6:USART1_IRQHandler	8	static
../Src/main.c:652:6:configureGSMForSMS	16	static
